 operating system is Windows !

 egrad (DESKTOP-K21TP4E) : TURBOMOLE V7-9 02 Oct 2024 at 08:18:09 compiled  Oct 2024
 Copyright (C) 2024 TURBOMOLE GmbH, Karlsruhe


    2026-09-17 21:45:17.831 




                               e g r a d

                             TURBOMOLE GmbH


             integral direct evaluation of excited state
                     and polarizability gradients
                 and first-order nonadiabatic couplings



          references (see also programs escf, dscf and ridft) 

          review 
          F. Furche and D. Rappoport,  
          "Density functional methods for excited states: 
          equilibrium structure and electronic spectra",
          ch. III of "Computational Photochemistry", ed. by 
          M. Olivucci, vol. 16 of "Theoretical and Computational 
          Chemistry", Elsevier, Amsterdam, 2005.

          nonorthonormal Krylov space methods 
          F. Furche, B. T. Krull, B. D. Nguyen, J. Kwon, 
          J. Chem. Phys. 144 (2016), 174105.

          RI-J method 
          D. Rappoport and F. Furche, 
          J. Chem. Phys. 122 (2005), 064105.

          Lagrangian method, implementation, benchmarks 
          F. Furche and R. Ahlrichs,
          J. Chem. Phys. 117 (2002), 7433;
          J. Chem. Phys. 121 (2004), 12772 (E).

          Polarizability derivatives, Raman intensities 
          D. Rappoport and F. Furche, 
          J. Chem. Phys. 126 (2007), 201104.

          First-order nonadiabatic couplings 
          R. Send and F. Furche, 
          J. Chem. Phys. 132 (2010), 044107.
                                     




              +--------------------------------------------------+
              | Atomic coordinate, charge and isotop information |
              +--------------------------------------------------+

                    atomic coordinates            atom    charge  isotop
        -14.55965362   -8.21987967    2.39813975    ag    47.000     0
         -9.32900039   -8.29814861    2.35112808    ag    47.000     0
         -4.04026154   -8.40915087    2.28910694    ag    47.000     0
          1.27896377   -8.35467967    2.29881337    ag    47.000     0
          6.70656025   -8.29362142    2.10765241    ag    47.000     0
        -11.98991077   -3.69612036    2.43273458    ag    47.000     0
         -6.72722313   -3.76169971    2.90262504    ag    47.000     0
         -1.40964188   -3.76598057    2.48094750    ag    47.000     0
          4.02340710   -3.76233249    2.39920825    ag    47.000     0
          9.37854790   -3.75868035    2.48171350    ag    47.000     0
         -9.39914934    0.84811561    2.17243856    ag    47.000     0
         -4.05282530    0.81944225    2.43115497    ag    47.000     0
          1.29810162    0.82052520    2.42651440    ag    47.000     0
          6.67586074    0.84765459    2.47237234    ag    47.000     0
         11.96664427    0.76327363    2.35448544    ag    47.000     0
         -6.67245044    5.42782677    2.21742180    ag    47.000     0
         -1.31874565    5.47593485    2.44449421    ag    47.000     0
          3.99124699    5.42724330    2.45874165    ag    47.000     0
          9.27192319    5.42449093    2.30912542    ag    47.000     0
         14.49835636    5.35500330    2.24139489    ag    47.000     0
         -3.90058427   10.06774597    2.03691600    ag    47.000     0
          1.33418211   10.05759642    2.51756174    ag    47.000     0
          6.53840643   10.04149110    2.27957560    ag    47.000     0
         11.81324546   10.05256252    2.02688582    ag    47.000     0
        -12.28794419   -7.09444765   -2.22957070    ag    47.000     0
         -6.82663566   -7.09444765   -2.22957070    ag    47.000     0
         -1.36532713   -7.09444765   -2.22957070    ag    47.000     0
          4.09598140   -7.09444765   -2.22957070    ag    47.000     0
         -9.55728992   -2.36481651   -2.22957070    ag    47.000     0
         -4.09598140   -2.36481651   -2.22957070    ag    47.000     0
          1.36532713   -2.36481651   -2.22957070    ag    47.000     0
          6.82663566   -2.36481651   -2.22957070    ag    47.000     0
         -6.82663566    2.36481651   -2.22957070    ag    47.000     0
         -1.36532713    2.36481651   -2.22957070    ag    47.000     0
          4.09598140    2.36481651   -2.22957070    ag    47.000     0
          9.55728992    2.36481651   -2.22957070    ag    47.000     0
         -4.09598140    7.09444765   -2.22957070    ag    47.000     0
          1.36532713    7.09444765   -2.22957070    ag    47.000     0
          6.82663566    7.09444765   -2.22957070    ag    47.000     0
         12.28794419    7.09444765   -2.22957070    ag    47.000     0
        -11.26551528   -0.32858164    9.02220734    c      6.000     0
         -9.02688805    1.25869985    8.83199944    n      7.000     0
         -9.30366177    3.98616753    8.67165152    c      6.000     0
         -6.67325294    0.19125389    8.67524864    c      6.000     0
         -4.46251653    1.72046973    8.47853342    c      6.000     0
         -2.05733954    0.63526699    8.44942957    c      6.000     0
         -1.68212963   -2.07056993    8.61379128    c      6.000     0
         -3.95014649   -3.56635030    8.64885163    c      6.000     0
         -6.33891246   -2.50305492    8.69587840    c      6.000     0
          0.54546715   -3.26856822    8.78043684    n      7.000     0
          2.77131755   -2.02546601    8.74489927    c      6.000     0
          5.04495473   -3.48378453    8.89671257    c      6.000     0
          7.42157325   -2.40270377    8.83710729    c      6.000     0
          7.72732278    0.29741835    8.68168484    c      6.000     0
         10.06118687    1.40239824    8.79628673    n      7.000     0
         12.31847269   -0.15078354    9.05110723    c      6.000     0
         10.27255735    4.14585369    8.94537193    c      6.000     0
          5.49230851    1.79283798    8.48657607    c      6.000     0
          3.10647352    0.66983848    8.52633924    c      6.000     0
          0.51217936    2.68293831    8.05864093    s     16.000     0
        -11.53972964   -1.49243540    7.27000780    h      1.000     0
        -11.14674002   -1.62182513   10.67584810    h      1.000     0
        -12.94905136    0.88711455    9.26583101    h      1.000     0
        -11.32477612    4.49499799    8.83693159    h      1.000     0
         -8.24675739    4.96471990   10.20613633    h      1.000     0
         -8.59386457    4.71052631    6.80504856    h      1.000     0
         -4.61650728    3.78749137    8.38167020    h      1.000     0
         -3.70396135   -5.63006754    8.71947445    h      1.000     0
         -7.98776889   -3.75924704    8.75812021    h      1.000     0
          4.81977465   -5.54618749    9.05589816    h      1.000     0
          9.08462826   -3.63350754    8.97117224    h      1.000     0
         12.34207146   -1.21060384   10.87297404    h      1.000     0
         14.00807618    1.07844526    8.97650114    h      1.000     0
         12.45864630   -1.53169346    7.46354322    h      1.000     0
         12.29161111    4.68100831    9.03346900    h      1.000     0
          9.29341500    4.89807495   10.65348818    h      1.000     0
          9.45391653    5.06274262    7.23058501    h      1.000     0
          5.62202143    3.85896796    8.32349544    h      1.000     0
 
       center of nuclear mass  :    0.39303518    0.27238887    1.02488925
       center of nuclear charge:    0.39474114    0.27386751    1.12761144

   *************************************************************************
   Single_Point_Groundstate_Triplett                                        
   *************************************************************************



              +--------------------------------------------------+
              |               basis set information              |
              +--------------------------------------------------+

              we will work with the 1s 3p 5d 7f 9g ... basis set
              ...i.e. with spherical basis functions...

   type   atoms  prim   cont   basis
   ---------------------------------------------------------------------------
    s        1     36     18   def-SV(P)   [4s3p1d|10s7p1d]
    ag      40     50     24   def-SV(P)   [5s3p2d|7s6p5d]
    n        3     24     14   def-SV(P)   [3s2p1d|7s4p1d]
    h       18      4      2   def-SV(P)   [2s|4s]
    c       16     24     14   def-SV(P)   [3s2p1d|7s4p1d]
   ---------------------------------------------------------------------------
   total:   78   2564   1280
   ---------------------------------------------------------------------------

   total number of primitive shells          :   64
   total number of contracted shells         :  558
   total number of cartesian basis functions : 1380
   total number of SCF-basis functions       : 1280

  number of unique ecp types :    1

 residuum convergence criterium   :  0.10E-04


 integral neglect threshold       :  0.24E-11
 integral storage threshold THIZE :  0.10E-04
 integral storage threshold THIME :         5


  UHF mode switched on !
 DYNAMIC POLARIZABILITY CALCULATION
 data group $scfinstab dynpol not found in control

========================
 internal module stack: 
------------------------
    egrad
========================

 missing data group
 egrad ended abnormally
