 operating system is Windows !

 escf (DESKTOP-K21TP4E) : TURBOMOLE V7-9 02 Oct 2024 at 08:18:09 compiled  Oct 2024
 Copyright (C) 2024 TURBOMOLE GmbH, Karlsruhe


    2026-09-18 09:29:57.130 




                                e s c f

                             TURBOMOLE GmbH

          integral direct evaluation of 

                    * excitation energies and transition moments 
                    * polarizabilities
                    * dynamic response properties 
                    * stabilities
                    * quasiparticle states with GW
                    * NMR coupling-constants



          references (see also programs dscf and ridft) 
          implementation and benchmarks (review) 
          F. Furche and D. Rappoport,  
          "Density functional methods for excited states: 
          equilibrium structure and electronic spectra",
          ch. III of "Computational Photochemistry", ed. by 
          M. Olivucci, vol. 16 of "Theoretical and Computational 
          Chemistry", Elsevier, Amsterdam, 2005.



              +--------------------------------------------------+
              | Atomic coordinate, charge and isotop information |
              +--------------------------------------------------+

                    atomic coordinates            atom    charge  isotop
        -14.55965362   -8.21987967    2.39813975    ag    47.000     0
         -9.32900039   -8.29814861    2.35112808    ag    47.000     0
         -4.04026154   -8.40915087    2.28910694    ag    47.000     0
          1.27896377   -8.35467967    2.29881337    ag    47.000     0
          6.70656025   -8.29362142    2.10765241    ag    47.000     0
        -11.98991077   -3.69612036    2.43273458    ag    47.000     0
         -6.72722313   -3.76169971    2.90262504    ag    47.000     0
         -1.40964188   -3.76598057    2.48094750    ag    47.000     0
          4.02340710   -3.76233249    2.39920825    ag    47.000     0
          9.37854790   -3.75868035    2.48171350    ag    47.000     0
         -9.39914934    0.84811561    2.17243856    ag    47.000     0
         -4.05282530    0.81944225    2.43115497    ag    47.000     0
          1.29810162    0.82052520    2.42651440    ag    47.000     0
          6.67586074    0.84765459    2.47237234    ag    47.000     0
         11.96664427    0.76327363    2.35448544    ag    47.000     0
         -6.67245044    5.42782677    2.21742180    ag    47.000     0
         -1.31874565    5.47593485    2.44449421    ag    47.000     0
          3.99124699    5.42724330    2.45874165    ag    47.000     0
          9.27192319    5.42449093    2.30912542    ag    47.000     0
         14.49835636    5.35500330    2.24139489    ag    47.000     0
         -3.90058427   10.06774597    2.03691600    ag    47.000     0
          1.33418211   10.05759642    2.51756174    ag    47.000     0
          6.53840643   10.04149110    2.27957560    ag    47.000     0
         11.81324546   10.05256252    2.02688582    ag    47.000     0
        -12.28794419   -7.09444765   -2.22957070    ag    47.000     0
         -6.82663566   -7.09444765   -2.22957070    ag    47.000     0
         -1.36532713   -7.09444765   -2.22957070    ag    47.000     0
          4.09598140   -7.09444765   -2.22957070    ag    47.000     0
         -9.55728992   -2.36481651   -2.22957070    ag    47.000     0
         -4.09598140   -2.36481651   -2.22957070    ag    47.000     0
          1.36532713   -2.36481651   -2.22957070    ag    47.000     0
          6.82663566   -2.36481651   -2.22957070    ag    47.000     0
         -6.82663566    2.36481651   -2.22957070    ag    47.000     0
         -1.36532713    2.36481651   -2.22957070    ag    47.000     0
          4.09598140    2.36481651   -2.22957070    ag    47.000     0
          9.55728992    2.36481651   -2.22957070    ag    47.000     0
         -4.09598140    7.09444765   -2.22957070    ag    47.000     0
          1.36532713    7.09444765   -2.22957070    ag    47.000     0
          6.82663566    7.09444765   -2.22957070    ag    47.000     0
         12.28794419    7.09444765   -2.22957070    ag    47.000     0
        -11.26551528   -0.32858164    9.02220734    c      6.000     0
         -9.02688805    1.25869985    8.83199944    n      7.000     0
         -9.30366177    3.98616753    8.67165152    c      6.000     0
         -6.67325294    0.19125389    8.67524864    c      6.000     0
         -4.46251653    1.72046973    8.47853342    c      6.000     0
         -2.05733954    0.63526699    8.44942957    c      6.000     0
         -1.68212963   -2.07056993    8.61379128    c      6.000     0
         -3.95014649   -3.56635030    8.64885163    c      6.000     0
         -6.33891246   -2.50305492    8.69587840    c      6.000     0
          0.54546715   -3.26856822    8.78043684    n      7.000     0
          2.77131755   -2.02546601    8.74489927    c      6.000     0
          5.04495473   -3.48378453    8.89671257    c      6.000     0
          7.42157325   -2.40270377    8.83710729    c      6.000     0
          7.72732278    0.29741835    8.68168484    c      6.000     0
         10.06118687    1.40239824    8.79628673    n      7.000     0
         12.31847269   -0.15078354    9.05110723    c      6.000     0
         10.27255735    4.14585369    8.94537193    c      6.000     0
          5.49230851    1.79283798    8.48657607    c      6.000     0
          3.10647352    0.66983848    8.52633924    c      6.000     0
          0.51217936    2.68293831    8.05864093    s     16.000     0
        -11.53972964   -1.49243540    7.27000780    h      1.000     0
        -11.14674002   -1.62182513   10.67584810    h      1.000     0
        -12.94905136    0.88711455    9.26583101    h      1.000     0
        -11.32477612    4.49499799    8.83693159    h      1.000     0
         -8.24675739    4.96471990   10.20613633    h      1.000     0
         -8.59386457    4.71052631    6.80504856    h      1.000     0
         -4.61650728    3.78749137    8.38167020    h      1.000     0
         -3.70396135   -5.63006754    8.71947445    h      1.000     0
         -7.98776889   -3.75924704    8.75812021    h      1.000     0
          4.81977465   -5.54618749    9.05589816    h      1.000     0
          9.08462826   -3.63350754    8.97117224    h      1.000     0
         12.34207146   -1.21060384   10.87297404    h      1.000     0
         14.00807618    1.07844526    8.97650114    h      1.000     0
         12.45864630   -1.53169346    7.46354322    h      1.000     0
         12.29161111    4.68100831    9.03346900    h      1.000     0
          9.29341500    4.89807495   10.65348818    h      1.000     0
          9.45391653    5.06274262    7.23058501    h      1.000     0
          5.62202143    3.85896796    8.32349544    h      1.000     0
 
       center of nuclear mass  :    0.39303518    0.27238887    1.02488925
       center of nuclear charge:    0.39474114    0.27386751    1.12761144

   *************************************************************************
   Singulett_RKS_Referenz-copy-2                                            
   *************************************************************************



              +--------------------------------------------------+
              |               basis set information              |
              +--------------------------------------------------+

              we will work with the 1s 3p 5d 7f 9g ... basis set
              ...i.e. with spherical basis functions...

   type   atoms  prim   cont   basis
   ---------------------------------------------------------------------------
    s        1     36     18   def-SV(P)   [4s3p1d|10s7p1d]
    ag      40     50     24   def-SV(P)   [5s3p2d|7s6p5d]
    n        3     24     14   def-SV(P)   [3s2p1d|7s4p1d]
    h       18      4      2   def-SV(P)   [2s|4s]
    c       16     24     14   def-SV(P)   [3s2p1d|7s4p1d]
   ---------------------------------------------------------------------------
   total:   78   2564   1280
   ---------------------------------------------------------------------------

   total number of primitive shells          :   64
   total number of contracted shells         :  558
   total number of cartesian basis functions : 1380
   total number of SCF-basis functions       : 1280

  number of unique ecp types :    1

 residuum convergence criterium   :  0.10E-04


 integral neglect threshold       :  0.24E-11
 integral storage threshold THIZE :  0.10E-04
 integral storage threshold THIME :         5

 
             FOUND RI-J FLAG !
 
  
 AUXILIARY BASIS SET information:

              we will work with the 1s 3p 5d 7f 9g ... basis set
              ...i.e. with spherical basis functions...

   type   atoms  prim   cont   basis
   ---------------------------------------------------------------------------
    s        1     71     40   def-SV(P)   [5s3p2d1f1g|12s6p5d1f1g]
    ag      40     98     73   def-SV(P)   [7s4p3d3f2g|9s4p4d3f4g]
    n        3     39     37   def-SV(P)   [6s3p3d1f|8s3p3d1f]
    h       18     10      5   def-SV(P)   [2s1p|4s2p]
    c       16     39     37   def-SV(P)   [6s3p3d1f|8s3p3d1f]
   ---------------------------------------------------------------------------
   total:   78   4912   3753
   ---------------------------------------------------------------------------

   total number of primitive shells          :   85
   total number of contracted shells         : 1073
   total number of cartesian basis functions : 4838
   total number of SCF-basis functions       : 3753

 SINGLET-INSTABILITY-CALCULATION
 
             FOUND DFT-FLAG !
 

 maximum number of Davidson iterations set to   35


 symmetry group of the molecule :   c1 

 the group has the following generators :
   c1(z)

    1 symmetry operations found

 there are 1 real representations :   a   

 maximum number of shells which are related by symmetry :  1

 IRREPs of excited states :   a   
  
           ------------------
           density functional
           ------------------
 PBE functional
 exchange:    LDA + PBE
 correlation: LDA (PW) + PBE
 iterations will be done with small grid
  
 spherical integration : Lebedev's spherical grid
 spherical gridsize    :                     3
    i.e. gridpoints    :                   302
  maximum batchsize    :                   100
 value for diffuse not defined
 radial integration    : Chebyshev 2nd kind (scaling 3)
 radial gridsize       :                     3
 integration cells     :                    78
 partition function    : becke
 partition sharpness   :                     3
  

 ----------------------------------------------------------------------
          some useful papers before it begins
 ----------------------------------------------------------------------

     nonorthonormal Krylov space methods 
     F. Furche, B. T. Krull, B. D. Nguyen, and J. Kwon, 
     J. Chem. Phys. 144, 174105 (2016).

     RI-J method 
     R. Bauernschmitt, M. Haeser, O. Treutler, and R. Ahlrichs,
     Chem. Phys. Lett. 264, 573 (1997).

     density functional implementation               
     R. Bauernschmitt and R. Ahlrichs,
     Chem. Phys. Lett. 256, 454 (1996).
     R. Bauernschmitt and R. Ahlrichs,
     J. Chem. Phys. 104, 9047 (1996).

     UHF extension (RPA and CIS)
     C. Ochsenfeld, J. Gauss, and R. Ahlrichs, 
     J. Chem. Phys. 103, 7401 (1995).

     integral direct algorithm                 
     H. Weiss, R. Ahlrichs, and M. Haeser, 
     J. Chem. Phys. 99, 1262 (1993).

 ----------------------------------------------------------------------

  MOs are in ASCII format !


    mo occupation :
   irrep   mo's   occupied
    a     1280      455
 
 number of basis functions   :  1280
 number of occupied orbitals :   455
 

 reading orbital data $scfmo  from file mos
 orbital characterization : scfconv=6
  
           ----------------------
               RI - INFORMATION
           ----------------------

 biggest AO integral is expected to be     9.765798878

 Threshold for integral neglect (rithr2):   0.24E-11
 Threshold for integral neglect (rithr1):   0.24E-11

 
    +---------------- Multipole Accelerated RI-J ---------------+
    -------------------------------------------------------------
      Number of bins for density partition        :  8
      Maximum multipole moment used               : 14
      Multipole precision parameter               :  1.0000E-08
      Threshold for moment summation              :  1.0000E-24
      Minimum separation between boxes            :  0.0000E+00
      Maximum allowed extent                      :  2.0000E+01
    +-----------------------------------------------------------+
 
 Extensions and centers of shell-pairs:
  number of shells with a single center:    94300
  number of shells with double centers:      5228
 Contributions to RI integral batches: 
  neglected integral batches:                     56433
  multipole/direct contribution:                  61226
  multipole/memory contribution:                  38302
 Core memory available (ricore)            8000 MiB
 Core memory needed for (P|Q) and Cholesky 108 MiB
 Core memory used for integrals            7891 MiB
  
 ****************************************
 Memory allocated for RIDFT 7999 MiB
 ****************************************
                                            
 preparing DFT   numerical integration ....
          Overall gridpoints after grid construction =        171064

 Calculating ground state density on molecular grid

 Integral of ground state density: N =   909.9781153189563    


 all orbitals will be included in the transformation

 number of non-frozen orbitals          :  1280
 number of non-frozen occupied orbitals :   455



 dimension of super-tensorspace: 1

          IRREP   tensor space dimension   number of roots

           a              375375                      1

 machine precision: 2.22D-16


 logfile sins_a    will be constructed




                       Nonorthonormal Krylov Space Iteration


 total number of roots to be determined: 1


 maximum core memory set to         6400 MB,
 corresponding to      439 vectors in CAO basis


 maximum number of simultaneously treated vectors (including degeneracy):        2


 Iteration IRREP Converged      Max. Euclidean
                 roots          residual norm

    1       a        0        1.174616450355270D-01
 
    2       a        0        5.977867144163097D-02
 
    3       a        0        5.359795429433182D-02
 
    4       a        0        4.796916372216661D-02
 
    5       a        0        3.113873429205867D-02
 
    6       a        0        2.184286631913169D-02
 
    7       a        0        2.330054709688792D-02
 
    8       a        0        1.761416201513352D-02
 
    9       a        0        9.769898107586373D-03
 
   10       a        0        5.383286569522693D-03
 
   11       a        0        2.795953378227125D-03
 
   12       a        0        1.221136329171053D-03
 
   13       a        0        5.274442054493889D-04
 
   14       a        0        2.542130103906933D-04
 
   15       a        0        1.400611740700986D-04
 
   16       a        0        7.338602664353794D-05
 
   17       a        0        3.525631401680950D-05
 
   18       a        0        1.991000003249939D-05
 
   19       a        1        9.381612409705430D-06
 

 converged!


 Switching to fine grid

 preparing DFT   numerical integration ....
          Overall gridpoints after grid construction =        545939

 Calculating ground state density on molecular grid

 Integral of ground state density: N =   909.9996241001425    



 Iteration IRREP Converged      Max. Euclidean
                 roots          residual norm

   20       a        0        4.639095928319428D-05
 

 NOTE: Residual norms are larger than 1.00D-05 due to mgrid option!

 Eigenpairs written on logfile sins_a   



 IRREP   Vector     Eigenvalue           Euclidean residual norm

  a         1    5.643516260546335D-03    4.639095928319428D-05






                    Selection rules for point group c1  


 Subduction with respect to c1  :

    Polar vector representation: a                           

    Axial vector representation: a                           

    Symmetric second rank tensor representation: a                           




                            Ground state


 Total energy:                           -7061.861783262000    

 Charge:

               elec          nuc         total

          -910.000000   911.000000     1.000000


 Electric dipole moment:

               elec          nuc         total   

    x     -370.769188   371.191268     0.422080    Norm:              5.460115
    y     -244.382657   245.183758     0.801101
    z    -1700.769742  1706.154251     5.384509    Norm / debye:     13.878227


 Electric quadrupole moment:

               elec          nuc         total   

   xx   -51141.322260 50599.804334  -541.517926
   yy   -28561.524681 27941.912069  -619.612612    1/3*trace:      -596.732733
   zz   -16082.042091 15452.974430  -629.067661
   xy   -13667.537391 13690.708306    23.170916
   xz    -1285.838670  1287.578620     1.739950    Anisotropy:       93.560680
   yz     -618.409411   626.721600     8.312190



 ==============================================================================

                              I R R E P   a   

 ==============================================================================





                           1st a eigenpair


 SCF energy hessian eigenvalue:          0.5643516260546335E-02


 Dominant contributions:

      occ. orbital    energy / eV   virt. orbital    energy / eV   |coeff.|^2*100
      455 a              -6.05         456 a              -5.99       90.8
 





    ------------------------------------------------------------------------
         total  cpu-time :  8 minutes and 53 seconds
         total wall-time :  9 minutes and 15 seconds
    ------------------------------------------------------------------------

   ****  escf : all done  ****


    2026-09-18 09:39:12.118 

 escf ended normally
